sakuraiyutarou@sakuraiyuutarounoMacBook-Pro git_challenge % git add he
llo_world.txt
sakuraiyutarou@sakuraiyuutarounoMacBook-Pro git_challenge % git add hello_world.txt
sakuraiyutarou@sakuraiyuutarounoMacBook-Pro git_challenge % git commit
 -m hello_world.txtを追加
[main a1315d5] hello_world.txtを追加
 1 file changed, 1 insertion(+), 2 deletions(-)
sakuraiyutarou@sakuraiyuutarounoMacBook-Pro git_challenge % git add hello_world.txt
sakuraiyutarou@sakuraiyuutarounoMacBook-Pro git_challenge % git commit -m 日本語訳を追記       
[main 00a31f8] 日本語訳を追記
 1 file changed, 2 insertions(+), 1 deletion(-)
sakuraiyutarou@sakuraiyuutarounoMacBook-Pro git_challenge % git log --oneline
00a31f8 (HEAD -> main) 日本語訳を追記
a1315d5 hello_world.txtを追加
9a8417e コミット
7f7a63f コミット
cfef91c 2回目のコミット
295b7b6 1回目のコミット
d737f7b 2回目のコミット
ce2ab5d 1回目のコミット
sakuraiyutarou@sakuraiyuutarounoMacBook-Pro git_challenge % 








