sakuraiyutarou@sakuraiyuutarounoMacBook-Pro git_challenge % git init
Reinitialized existing Git repository in /Users/sakuraiyutarou/git_challenge/.git/
sakuraiyutarou@sakuraiyuutarounoMacBook-Pro git_challenge % git add .
sakuraiyutarou@sakuraiyuutarounoMacBook-Pro git_challenge % git commit
 -v
[main 295b7b6] 1回目のコミット
 1 file changed, 1 deletion(-)
sakuraiyutarou@sakuraiyuutarounoMacBook-Pro git_challenge % gir add .
zsh: command not found: gir
sakuraiyutarou@sakuraiyuutarounoMacBook-Pro git_challenge % git add .
sakuraiyutarou@sakuraiyuutarounoMacBook-Pro git_challenge % git commit -v
[main cfef91c] 2回目のコミット
 1 file changed, 1 insertion(+)
sakuraiyutarou@sakuraiyuutarounoMacBook-Pro git_challenge % 
